[autoclipping.com/index.html]
[pagead2.googlesyndication.com/pagead/js/f.txt]
[backblue.gif]
[fade.gif]
[index.html]
[autoclipping.com/images/base/ico-fb.png]
[autoclipping.com/images/base/ico-gplus.png]
[autoclipping.com/images/base/pagehead01.2.png]
[autoclipping.com/images/base/tutorial-bg.jpg]
[autoclipping.com/images/base/trans-pattern-dark.png]
[autoclipping.com/images/base/trans-pattern.png]
[autoclipping.com/images/base/cursor-red-brush.png]
[autoclipping.com/images/base/cursor-green-brush.png]
[autoclipping.com/images/base/cursor-grab.png]
[autoclipping.com/images/base/cursor-grab-active.png]
[autoclipping.com/images/base/cursor-erase.png]
[autoclipping.com/images/base/cursor-cut.png]
[autoclipping.com/images/base/ACLogo32px.png]
[autoclipping.com/images/supported.png]
[autoclipping.com/images/base/ico-pp-sm.png]
[assets.fortumo.com/fmp/fortumopay_150x50_red.png]
[autoclipping.com/images/base/logo.png]
[autoclipping.com/how-does-it-work.html]
[autoclipping.com/designer.html]
[autoclipping.com/images/data/remove-background-from-image-step1.jpg]
[autoclipping.com/images/data/remove-background-from-image-step2.jpg]
[autoclipping.com/images/data/remove-background-from-image-step3.jpg]
[autoclipping.com/images/design_step_1.jpg]
[autoclipping.com/images/design_step_2.jpg]
[autoclipping.com/images/design_step_3.jpg]
[autoclipping.com/static/css/app.f8567d5ca64853dcf9e3044279fd55dd.css]
[autoclipping.com/static/js/manifest.1a92869a5da071fdd8f1.js]
[autoclipping.com/static/js/vendor.9d34d939aaef22c20112.js]
[autoclipping.com/static/js/app.e04710bbd3115ab302b0.js]
[autoclipping.com/images/base/logo2.png]
[autoclipping.com/about-us.html]
[autoclipping.com/privacy-policy.html]
[autoclipping.com/terms-and-conditions.html]
[autoclipping.com/contact-us.html]
[autoclipping.com/content/jslocale/en5572.js]
[autoclipping.com/index.html]
[autoclipping.com/pricing.html]
[autoclipping.com/business.html]
[autoclipping.com/images/data/pagehead01.png]
[autoclipping.com/content/editor/images/red-tool-icon.png]
[autoclipping.com/content/editor/images/green-tool-icon.png]
[autoclipping.com/content/editor/images/undo-icon.png]
[autoclipping.com/content/editor/images/redo-icon.png]
[autoclipping.com/content/editor/images/zoom-in-icon.png]
[autoclipping.com/content/editor/images/zoom-out-icon.png]
[autoclipping.com/content/editor/images/colors-icon.png]
[autoclipping.com/how-does-it-work.html]
[autoclipping.com/images/hero-img.png]
[autoclipping.com/designer.html]
[autoclipping.com/static/css/app.f8567d5ca64853dcf9e3044279fd55dd.css]
[autoclipping.com/about-us.html]
[autoclipping.com/cdn-cgi/l/email-protection.html]
[autoclipping.com/cdn-cgi/scripts/5c5dd728/cloudflare-static/email-decode.min.js]
[autoclipping.com/privacy-policy.html]
[autoclipping.com/terms-and-conditions.html]
[autoclipping.com/contact-us.html]
[autoclipping.com/images/notsupported.png]
[autoclipping.com/pricing.html]
[autoclipping.com/business_bulk_files/ac_hero.png]
[autoclipping.com/business.html]
[autoclipping.com/composer/index.html]
[autoclipping.com/cdn-cgi/l/email-protection.html]
[autoclipping.com/blog/index.html]
[d1i9ug59x7qvxh.cloudfront.net/right-click.png]
[d1i9ug59x7qvxh.cloudfront.net/scalpel-icon.png]
[d1i9ug59x7qvxh.cloudfront.net/erase.png]
[d1i9ug59x7qvxh.cloudfront.net/pantool.png]
[d1i9ug59x7qvxh.cloudfront.net/fitzoom.png]
[d1i9ug59x7qvxh.cloudfront.net/mousescroll.png]
[d1i9ug59x7qvxh.cloudfront.net/brushsize.png]
[d1i9ug59x7qvxh.cloudfront.net/background.png]
[d1i9ug59x7qvxh.cloudfront.net/darkgrid.png]
[d1i9ug59x7qvxh.cloudfront.net/reset.png]
[d1i9ug59x7qvxh.cloudfront.net/rotate.png]
[d1i9ug59x7qvxh.cloudfront.net/crop.png]
[d1i9ug59x7qvxh.cloudfront.net/shadows.png]
[d1i9ug59x7qvxh.cloudfront.net/edges.png]
